INFO:2020-11-11 11:54:22:source.name_classifier:Provided taxon name is at family level: Tingini
INFO:2020-11-11 11:54:22:source.name_classifier:Provided taxon name is at species level: Tingis americana
INFO:2020-11-11 11:54:22:source.name_classifier:Provided taxon name is at genus level: Tingis
ERROR:2020-11-11 11:54:22:source.name_classifier:Provided query is possibly a INVALID taxon: Tingis ipsi dipsi
INFO:2020-11-11 11:54:22:source.name_classifier:Provided taxon name is at genus level: Sphaerocysta
INFO:2020-11-11 12:21:05:source.name_classifier:Provided taxon name is at family level: Tingini
INFO:2020-11-11 12:21:05:source.name_classifier:Provided taxon name is at species level: Tingis americana
INFO:2020-11-11 12:21:05:source.name_classifier:Provided taxon name is at genus level: Tingis
ERROR:2020-11-11 12:21:05:source.name_classifier:Provided query is possibly a INVALID taxon: Tingis ipsi dipsi
INFO:2020-11-11 12:21:05:source.name_classifier:Provided taxon name is at genus level: Sphaerocysta
INFO:2020-11-11 12:22:12:source.name_classifier:Provided taxon name is at family level: Tingini
INFO:2020-11-11 12:22:12:source.name_classifier:Provided taxon name is at species level: Tingis americana
INFO:2020-11-11 12:22:12:source.name_classifier:Provided taxon name is at genus level: Tingis
ERROR:2020-11-11 12:22:12:source.name_classifier:Provided query is possibly a INVALID taxon: Tingis ipsi dipsi
INFO:2020-11-11 12:22:12:source.name_classifier:Provided taxon name is at genus level: Sphaerocysta
INFO:2020-11-11 13:23:16:source.name_classifier:Provided taxon name is at family level: Tingini
INFO:2020-11-11 13:23:16:source.name_classifier:Provided taxon name is at species level: Tingis americana
INFO:2020-11-11 13:23:16:source.name_classifier:Provided taxon name is at genus level: Tingis
ERROR:2020-11-11 13:23:16:source.name_classifier:Provided query is possibly a INVALID taxon: Tingis ipsi dipsi
INFO:2020-11-11 13:23:16:source.name_classifier:Provided taxon name is at genus level: Sphaerocysta
INFO:2020-11-11 13:45:36:source.name_classifier:Provided taxon name is at family level: Tingini
INFO:2020-11-11 13:46:00:source.name_classifier:Provided taxon name is at genus level: Tingis
